Microchip MPLAB XC8 Compiler V2.32

Linker command line:

-W-3 --edf=/Applications/microchip/xc8/v2.32/pic/dat/en_msgs.txt -cn \
  -h+dist/default/production/LEDCUBE.X.production.sym \
  --cmf=dist/default/production/LEDCUBE.X.production.cmf -z -Q16F1829 \
  -o/tmp/xcyGTpfEf --defsym=__MPLAB_BUILD=1 \
  -Mdist/default/production/LEDCUBE.X.production.map -E1 -ver=XC8 Compiler \
  --acfsm=1493 -ASTACK=02008h-023EFh -pstack=STACK -ACODE=00h-07FFhx4 \
  -ASTRCODE=00h-01FFFh -ASTRING=00h-0FFhx32 -ACONST=00h-0FFhx32 \
  -AENTRY=00h-0FFhx32 -ACOMMON=070h-07Fh -ABANK0=020h-06Fh \
  -ABANK1=0A0h-0EFh -ABANK2=0120h-016Fh -ABANK3=01A0h-01EFh \
  -ABANK4=0220h-026Fh -ABANK5=02A0h-02EFh -ABANK6=0320h-036Fh \
  -ABANK7=03A0h-03EFh -ABANK8=0420h-046Fh -ABANK9=04A0h-04EFh \
  -ABANK10=0520h-056Fh -ABANK11=05A0h-05EFh -ABANK12=0620h-064Fh \
  -ABIGRAM=02000h-023EFh \
  -ARAM=020h-06Fh,0A0h-0EFh,0120h-016Fh,01A0h-01EFh,0220h-026Fh,02A0h-02EFh,0320h-036Fh,03A0h-03EFh,0420h-046Fh,04A0h-04EFh,0520h-056Fh,05A0h-05EFh,0620h-064Fh \
  -AABS1=020h-07Fh,0A0h-0EFh,0120h-016Fh,01A0h-01EFh,0220h-026Fh,02A0h-02EFh,0320h-036Fh,03A0h-03EFh,0420h-046Fh,04A0h-04EFh,0520h-056Fh,05A0h-05EFh,0620h-064Fh \
  -ASFR0=00h-01Fh -ASFR1=080h-09Fh -ASFR2=0100h-011Fh -ASFR3=0180h-019Fh \
  -ASFR4=0200h-021Fh -ASFR5=0280h-029Fh -ASFR6=0300h-031Fh \
  -ASFR7=0380h-039Fh -ASFR8=0400h-041Fh -ASFR9=0480h-049Fh \
  -ASFR10=0500h-051Fh -ASFR11=0580h-059Fh -ASFR12=0600h-061Fh \
  -ASFR13=0680h-06EFh -ASFR14=0700h-076Fh -ASFR15=0780h-07EFh \
  -ASFR16=0800h-086Fh -ASFR17=0880h-08EFh -ASFR18=0900h-096Fh \
  -ASFR19=0980h-09EFh -ASFR20=0A00h-0A6Fh -ASFR21=0A80h-0AEFh \
  -ASFR22=0B00h-0B6Fh -ASFR23=0B80h-0BEFh -ASFR24=0C00h-0C6Fh \
  -ASFR25=0C80h-0CEFh -ASFR26=0D00h-0D6Fh -ASFR27=0D80h-0DEFh \
  -ASFR28=0E00h-0E6Fh -ASFR29=0E80h-0EEFh -ASFR30=0F00h-0F6Fh \
  -ASFR31=0F80h-0FEFh -ACONFIG=08007h-08008h -DCONFIG=2 \
  -AIDLOC=08000h-08003h -DIDLOC=2 -AEEDATA=00h-0FFh/0F000h \
  -peeprom_data=EEDATA -DEEDATA=2 -DCODE=2 -DSTRCODE=2 -DSTRING=2 -DCONST=2 \
  -DENTRY=2 -preset_vec=00h,intentry,init,end_init -ppowerup=CODE \
  -pcinit=CODE -pfunctab=ENTRY -k /tmp/xcm3wqITY.o \
  dist/default/production/LEDCUBE.X.production.o 

Object code version is 3.11

Machine type is 16F1829



                Name                               Link     Load   Length Selector   Space Scale
/tmp/xcm3wqITY.o
                end_init                              2        2        2        0       0
                reset_vec                             0        0        2        0       0
                config                             8007     8007        2        0       4
dist/default/production/LEDCUBE.X.production.o
                cinit                               7F4      7F4        C      FE8       0
                config                             8007     8007        2        0       4
                text14                              5E1      5E1       12      BC2       0
                text13                              5A7      5A7        7      B4E       0
                text12                              5B7      5B7        D      B6E       0
                text11                              5AE      5AE        9      B5C       0
                text10                              616      616       30      C2C       0
                text9                               59B      59B        6      B36       0
                text8                               6E8      6E8       57      DD0       0
                text7                               5A1      5A1        6      B42       0
                text6                               5D2      5D2        F      BA4       0
                text5                               5C4      5C4        E      B88       0
                text4                               5F3      5F3       23      BE6       0
                text3                               646      646       51      C8C       0
                text2                               697      697       51      D2E       0
                text1                               73F      73F       57      E7E       0
                maintext                            796      796       5E      F2C       0
                cstackCOMMON                         70       70        D       70       1
                bssBANK0                             20       20        8       20       1

TOTAL           Name                               Link     Load   Length     Space
        CLASS   STACK          

        CLASS   CODE           
                end_init                              2        2        2         0
                cinit                               7F4      7F4        C         0
                reset_vec                             0        0        2         0
                text14                              5E1      5E1       12         0
                text13                              5A7      5A7        7         0
                text12                              5B7      5B7        D         0
                text11                              5AE      5AE        9         0
                text10                              616      616       30         0
                text9                               59B      59B        6         0
                text8                               6E8      6E8       57         0
                text7                               5A1      5A1        6         0
                text6                               5D2      5D2        F         0
                text5                               5C4      5C4        E         0
                text4                               5F3      5F3       23         0
                text3                               646      646       51         0
                text2                               697      697       51         0
                text1                               73F      73F       57         0
                maintext                            796      796       5E         0

        CLASS   STRCODE        

        CLASS   STRING         

        CLASS   CONST          

        CLASS   ENTRY          

        CLASS   COMMON         
                cstackCOMMON                         70       70        D         1

        CLASS   BANK0          
                bssBANK0                             20       20        8         1

        CLASS   BANK1          

        CLASS   BANK2          

        CLASS   BANK3          

        CLASS   BANK4          

        CLASS   BANK5          

        CLASS   BANK6          

        CLASS   BANK7          

        CLASS   BANK8          

        CLASS   BANK9          

        CLASS   BANK10         

        CLASS   BANK11         

        CLASS   BANK12         

        CLASS   BIGRAM         

        CLASS   RAM            

        CLASS   ABS1           
                abs_s1                               7E       7E        2         1

        CLASS   SFR0           

        CLASS   SFR1           

        CLASS   SFR2           

        CLASS   SFR3           

        CLASS   SFR4           

        CLASS   SFR5           

        CLASS   SFR6           

        CLASS   SFR7           

        CLASS   SFR8           

        CLASS   SFR9           

        CLASS   SFR10          

        CLASS   SFR11          

        CLASS   SFR12          

        CLASS   SFR13          

        CLASS   SFR14          

        CLASS   SFR15          

        CLASS   SFR16          

        CLASS   SFR17          

        CLASS   SFR18          

        CLASS   SFR19          

        CLASS   SFR20          

        CLASS   SFR21          

        CLASS   SFR22          

        CLASS   SFR23          

        CLASS   SFR24          

        CLASS   SFR25          

        CLASS   SFR26          

        CLASS   SFR27          

        CLASS   SFR28          

        CLASS   SFR29          

        CLASS   SFR30          

        CLASS   SFR31          

        CLASS   CONFIG         
                config                             8007     8007        2         4

        CLASS   IDLOC          

        CLASS   EEDATA         

        CLASS   BANK31         

        CLASS   BANK30         

        CLASS   BANK29         

        CLASS   BANK28         

        CLASS   BANK27         

        CLASS   BANK26         

        CLASS   BANK25         

        CLASS   BANK24         

        CLASS   BANK23         

        CLASS   BANK22         

        CLASS   BANK21         

        CLASS   BANK20         

        CLASS   BANK19         

        CLASS   BANK18         

        CLASS   BANK17         

        CLASS   BANK16         

        CLASS   BANK15         

        CLASS   BANK14         

        CLASS   BANK13         



SEGMENTS        Name                           Load    Length   Top    Selector   Space  Class     Delta

                text6                          0005D2  00000F  0005E1       BA4       0  CODE        2
                text14                         0005E1  000012  0005F3       BC2       0  CODE        2
                text10                         000616  000030  000646       C2C       0  CODE        2
                text4                          0005F3  000023  000616       BE6       0  CODE        2
                reset_vec                      000000  000004  000004         0       0  CODE        2
                text5                          0005C4  00000E  0005D2       B88       0  CODE        2
                text3                          000646  000051  000697       C8C       0  CODE        2
                text2                          000697  000051  0006E8       D2E       0  CODE        2
                text12                         0005B7  00000D  0005C4       B6E       0  CODE        2
                text11                         0005AE  000009  0005B7       B5C       0  CODE        2
                text8                          0006E8  000057  00073F       DD0       0  CODE        2
                maintext                       000796  00005E  0007F4       F2C       0  CODE        2
                text1                          00073F  000057  000796       E7E       0  CODE        2
                text13                         0005A7  000007  0005AE       B4E       0  CODE        2
                text9                          00059B  000006  0005A1       B36       0  CODE        2
                text7                          0005A1  000006  0005A7       B42       0  CODE        2
                cinit                          0007F4  00000C  000800       FE8       0  CODE        2
                bssBANK0                       000020  000008  000028        20       1  BANK0       1
                cstackCOMMON                   000070  00000D  00007D        70       1  COMMON      1


UNUSED ADDRESS RANGES

        Name                Unused          Largest block    Delta
        BANK0            00028-0006F              48           1
        BANK1            000A0-000EF              50           1
        BANK10           00520-0056F              50           1
        BANK11           005A0-005EF              50           1
        BANK12           00620-0064F              30           1
        BANK2            00120-0016F              50           1
        BANK3            001A0-001EF              50           1
        BANK4            00220-0026F              50           1
        BANK5            002A0-002EF              50           1
        BANK6            00320-0036F              50           1
        BANK7            003A0-003EF              50           1
        BANK8            00420-0046F              50           1
        BANK9            004A0-004EF              50           1
        BIGRAM           02000-023EF             3F0           1
        CODE             00004-0059A             597           2
                         00800-01FFF             800
        COMMON           0007D-0007D               1           1
        CONST            00004-0059A             100           2
                         00800-01FFF             100
        EEDATA           0F000-0F0FF             100           2
        ENTRY            00004-0059A             100           2
                         00800-01FFF             100
        IDLOC            08000-08003               4           2
        RAM              00028-0006F              48           1
                         000A0-000EF              50
                         00120-0016F              50
                         001A0-001EF              50
                         00220-0026F              50
                         002A0-002EF              50
                         00320-0036F              50
                         003A0-003EF              50
                         00420-0046F              50
                         004A0-004EF              50
                         00520-0056F              50
                         005A0-005EF              50
                         00620-0064F              30
        SFR0             00000-0001F              20           1
        SFR1             00080-0009F              20           1
        SFR10            00500-0051F              20           1
        SFR11            00580-0059F              20           1
        SFR12            00600-0061F              20           1
        SFR13            00680-006EF              70           1
        SFR14            00700-0076F              70           1
        SFR15            00780-007EF              70           1
        SFR16            00800-0086F              70           1
        SFR17            00880-008EF              70           1
        SFR18            00900-0096F              70           1
        SFR19            00980-009EF              70           1
        SFR2             00100-0011F              20           1
        SFR20            00A00-00A6F              70           1
        SFR21            00A80-00AEF              70           1
        SFR22            00B00-00B6F              70           1
        SFR23            00B80-00BEF              70           1
        SFR24            00C00-00C6F              70           1
        SFR25            00C80-00CEF              70           1
        SFR26            00D00-00D6F              70           1
        SFR27            00D80-00DEF              70           1
        SFR28            00E00-00E6F              70           1
        SFR29            00E80-00EEF              70           1
        SFR3             00180-0019F              20           1
        SFR30            00F00-00F6F              70           1
        SFR31            00F80-00FEF              70           1
        SFR4             00200-0021F              20           1
        SFR5             00280-0029F              20           1
        SFR6             00300-0031F              20           1
        SFR7             00380-0039F              20           1
        SFR8             00400-0041F              20           1
        SFR9             00480-0049F              20           1
        STACK            02008-023EF             3E8           1
        STRCODE          00004-0059A             597           2
                         00800-01FFF            1800
        STRING           00004-0059A             100           2
                         00800-01FFF             100

                                  Symbol Table

SetLayers@value           cstackCOMMON 00070
_ClearLayers              text13       005A7
_LATBbits                 (abs)        0010D
_LATCbits                 (abs)        0010E
_OSCCON                   (abs)        00099
_SetLayers                text14       005E1
_TRISB4                   (abs)        0046C
_TRISB5                   (abs)        0046D
_TRISB6                   (abs)        0046E
_TRISB7                   (abs)        0046F
_TRISC4                   (abs)        00474
_TRISC5                   (abs)        00475
_TRISC6                   (abs)        00476
_TRISC7                   (abs)        00477
__Habs1                   abs1         00000
__Hbank0                  bank0        00000
__Hbank1                  bank1        00000
__Hbank10                 bank10       00000
__Hbank11                 bank11       00000
__Hbank12                 bank12       00000
__Hbank13                 bank13       00000
__Hbank14                 bank14       00000
__Hbank15                 bank15       00000
__Hbank16                 bank16       00000
__Hbank17                 bank17       00000
__Hbank18                 bank18       00000
__Hbank19                 bank19       00000
__Hbank2                  bank2        00000
__Hbank20                 bank20       00000
__Hbank21                 bank21       00000
__Hbank22                 bank22       00000
__Hbank23                 bank23       00000
__Hbank24                 bank24       00000
__Hbank25                 bank25       00000
__Hbank26                 bank26       00000
__Hbank27                 bank27       00000
__Hbank28                 bank28       00000
__Hbank29                 bank29       00000
__Hbank3                  bank3        00000
__Hbank30                 bank30       00000
__Hbank31                 bank31       00000
__Hbank4                  bank4        00000
__Hbank5                  bank5        00000
__Hbank6                  bank6        00000
__Hbank7                  bank7        00000
__Hbank8                  bank8        00000
__Hbank9                  bank9        00000
__Hbigram                 bigram       00000
__HbssBANK0               bssBANK0     00000
__Hcinit                  cinit        00800
__Hclrtext                clrtext      00000
__Hcode                   code         00000
__Hcommon                 common       00000
__Hconfig                 config       08009
__HcstackCOMMON           cstackCOMMON 00000
__Heeprom_data            eeprom_data  00000
__Hend_init               end_init     00004
__Hfunctab                functab      00000
__Hinit                   init         00002
__Hintentry               intentry     00002
__Hmaintext               maintext     00000
__Hpowerup                powerup      00000
__Hram                    ram          00000
__Hreset_vec              reset_vec    00002
__Hsfr0                   sfr0         00000
__Hsfr1                   sfr1         00000
__Hsfr10                  sfr10        00000
__Hsfr11                  sfr11        00000
__Hsfr12                  sfr12        00000
__Hsfr13                  sfr13        00000
__Hsfr14                  sfr14        00000
__Hsfr15                  sfr15        00000
__Hsfr16                  sfr16        00000
__Hsfr17                  sfr17        00000
__Hsfr18                  sfr18        00000
__Hsfr19                  sfr19        00000
__Hsfr2                   sfr2         00000
__Hsfr20                  sfr20        00000
__Hsfr21                  sfr21        00000
__Hsfr22                  sfr22        00000
__Hsfr23                  sfr23        00000
__Hsfr24                  sfr24        00000
__Hsfr25                  sfr25        00000
__Hsfr26                  sfr26        00000
__Hsfr27                  sfr27        00000
__Hsfr28                  sfr28        00000
__Hsfr29                  sfr29        00000
__Hsfr3                   sfr3         00000
__Hsfr30                  sfr30        00000
__Hsfr31                  sfr31        00000
__Hsfr4                   sfr4         00000
__Hsfr5                   sfr5         00000
__Hsfr6                   sfr6         00000
__Hsfr7                   sfr7         00000
__Hsfr8                   sfr8         00000
__Hsfr9                   sfr9         00000
__Hspace_0                (abs)        00800
__Hspace_1                (abs)        0007D
__Hspace_2                (abs)        00000
__Hspace_3                (abs)        00000
__Hspace_4                (abs)        10010
__Hstack                  stack        00000
__Hstrings                strings      00000
__Htext                   text         00000
__Labs1                   abs1         00000
__Lbank0                  bank0        00000
__Lbank1                  bank1        00000
__Lbank10                 bank10       00000
__Lbank11                 bank11       00000
__Lbank12                 bank12       00000
__Lbank13                 bank13       00000
__Lbank14                 bank14       00000
__Lbank15                 bank15       00000
__Lbank16                 bank16       00000
__Lbank17                 bank17       00000
__Lbank18                 bank18       00000
__Lbank19                 bank19       00000
__Lbank2                  bank2        00000
__Lbank20                 bank20       00000
__Lbank21                 bank21       00000
__Lbank22                 bank22       00000
__Lbank23                 bank23       00000
__Lbank24                 bank24       00000
__Lbank25                 bank25       00000
__Lbank26                 bank26       00000
__Lbank27                 bank27       00000
__Lbank28                 bank28       00000
__Lbank29                 bank29       00000
__Lbank3                  bank3        00000
__Lbank30                 bank30       00000
__Lbank31                 bank31       00000
__Lbank4                  bank4        00000
__Lbank5                  bank5        00000
__Lbank6                  bank6        00000
__Lbank7                  bank7        00000
__Lbank8                  bank8        00000
__Lbank9                  bank9        00000
__Lbigram                 bigram       00000
__LbssBANK0               bssBANK0     00000
__Lcinit                  cinit        007F4
__Lclrtext                clrtext      00000
__Lcode                   code         00000
__Lcommon                 common       00000
__Lconfig                 config       00000
__LcstackCOMMON           cstackCOMMON 00000
__Leeprom_data            eeprom_data  00000
__Lend_init               end_init     00002
__Lfunctab                functab      00000
__Linit                   init         00002
__Lintentry               intentry     00002
__Lmaintext               maintext     00000
__Lpowerup                powerup      00000
__Lram                    ram          00000
__Lreset_vec              reset_vec    00000
__Lsfr0                   sfr0         00000
__Lsfr1                   sfr1         00000
__Lsfr10                  sfr10        00000
__Lsfr11                  sfr11        00000
__Lsfr12                  sfr12        00000
__Lsfr13                  sfr13        00000
__Lsfr14                  sfr14        00000
__Lsfr15                  sfr15        00000
__Lsfr16                  sfr16        00000
__Lsfr17                  sfr17        00000
__Lsfr18                  sfr18        00000
__Lsfr19                  sfr19        00000
__Lsfr2                   sfr2         00000
__Lsfr20                  sfr20        00000
__Lsfr21                  sfr21        00000
__Lsfr22                  sfr22        00000
__Lsfr23                  sfr23        00000
__Lsfr24                  sfr24        00000
__Lsfr25                  sfr25        00000
__Lsfr26                  sfr26        00000
__Lsfr27                  sfr27        00000
__Lsfr28                  sfr28        00000
__Lsfr29                  sfr29        00000
__Lsfr3                   sfr3         00000
__Lsfr30                  sfr30        00000
__Lsfr31                  sfr31        00000
__Lsfr4                   sfr4         00000
__Lsfr5                   sfr5         00000
__Lsfr6                   sfr6         00000
__Lsfr7                   sfr7         00000
__Lsfr8                   sfr8         00000
__Lsfr9                   sfr9         00000
__Lspace_0                (abs)        00000
__Lspace_1                (abs)        00000
__Lspace_2                (abs)        00000
__Lspace_3                (abs)        00000
__Lspace_4                (abs)        00000
__Lstack                  stack        00000
__Lstrings                strings      00000
__Ltext                   text         00000
__S0                      (abs)        00800
__S1                      (abs)        0007D
__S2                      (abs)        00000
__S3                      (abs)        00000
___int_sp                 stack        00000
___latbits                (abs)        00002
___sp                     stack        00000
___stackhi                (abs)        023EF
___stacklo                (abs)        02008
__end_of_ClearLayers      text13       005AE
__end_of_SetLayers        text14       005F3
__end_of__initialization  cinit        007FD
__end_of_achter           text8        0073F
__end_of_clock_signal     text12       005C4
__end_of_empty            text6        005E1
__end_of_init             text5        005D2
__end_of_latch_enable     text11       005B7
__end_of_main             maintext     007F4
__end_of_neer             text3        00697
__end_of_op               text2        006E8
__end_of_send_data        text10       00646
__end_of_turnOffLayers    text7        005A7
__end_of_turnOnAllLayers  text9        005A1
__end_of_turnOnLayer      text4        00616
__end_of_voor             text1        00796
__initialization          cinit        007F4
__pbssBANK0               bssBANK0     00020
__pcstackCOMMON           cstackCOMMON 00070
__pmaintext               maintext     00796
__ptext1                  text1        0073F
__ptext10                 text10       00616
__ptext11                 text11       005AE
__ptext12                 text12       005B7
__ptext13                 text13       005A7
__ptext14                 text14       005E1
__ptext2                  text2        00697
__ptext3                  text3        00646
__ptext4                  text4        005F3
__ptext5                  text5        005C4
__ptext6                  text6        005D2
__ptext7                  text7        005A1
__ptext8                  text8        006E8
__ptext9                  text9        0059B
__size_of_ClearLayers     (abs)        00000
__size_of_SetLayers       (abs)        00000
__size_of_achter          (abs)        00000
__size_of_clock_signal    (abs)        00000
__size_of_empty           (abs)        00000
__size_of_init            (abs)        00000
__size_of_latch_enable    (abs)        00000
__size_of_main            (abs)        00000
__size_of_neer            (abs)        00000
__size_of_op              (abs)        00000
__size_of_send_data       (abs)        00000
__size_of_turnOffLayers   (abs)        00000
__size_of_turnOnAllLayers (abs)        00000
__size_of_turnOnLayer     (abs)        00000
__size_of_voor            (abs)        00000
_achter                   text8        006E8
_clock_signal             text12       005B7
_empty                    text6        005D2
_init                     text5        005C4
_latch_enable             text11       005AE
_layer                    bssBANK0     00020
_main                     maintext     00796
_neer                     text3        00646
_op                       text2        00697
_send_data                text10       00616
_turnOffLayers            text7        005A1
_turnOnAllLayers          text9        0059B
_turnOnLayer              text4        005F3
_voor                     text1        0073F
btemp                     (abs)        0007E
end_of_initialization     cinit        007FD
intlevel0                 functab      00000
intlevel1                 functab      00000
intlevel2                 functab      00000
intlevel3                 functab      00000
intlevel4                 functab      00000
intlevel5                 functab      00000
main@i                    cstackCOMMON 00079
main@i_126                cstackCOMMON 0007B
reset_vec                 reset_vec    00000
send_data@data_out        cstackCOMMON 00070
send_data@i               cstackCOMMON 00075
start                     init         00002
start_initialization      cinit        007F4
turnOnLayer@x             cstackCOMMON 00070
wtemp0                    (abs)        0007E


MODULE INFORMATION

Module		Function		Class		Link	Load	Size
shared
		__initialization		CODE           	07F4	0000	9

shared estimated size: 9

main.c
		_clock_signal  		CODE           	05B7	0000	13
		_init          		CODE           	05C4	0000	14
		_empty         		CODE           	05D2	0000	15
		_turnOffLayers 		CODE           	05A1	0000	6
		_achter        		CODE           	06E8	0000	87
		_send_data     		CODE           	0616	0000	48
		_voor          		CODE           	073F	0000	87
		_main          		CODE           	0796	0000	94
		_ClearLayers   		CODE           	05A7	0000	7
		_SetLayers     		CODE           	05E1	0000	18
		_neer          		CODE           	0646	0000	81
		_op            		CODE           	0697	0000	81
		_latch_enable  		CODE           	05AE	0000	9
		_turnOnAllLayers		CODE           	059B	0000	6
		_turnOnLayer   		CODE           	05F3	0000	35

main.c estimated size: 601

